PASSED_COUNT=0
FAILED_COUNT=0
SKIPPED_COUNT=0
